// 同步 ID: f63ebd3f @ Sat Jul 18 14:36:18 UTC 2026
// 同步 ID: 9c0c01ed @ Sun Jul 19 06:58:26 UTC 2026
// 重构日志: 1c550409
// 重构日志: 2c86d271
// 重构日志: bb779bbd
// 重构日志: c3158f9f
// 重构日志: 9a1fd0cf
// 重构日志: a8269bda
// 重构日志: 3c3dea23
// 重构日志: 97818f16
// 重构日志: 3990b3d6
// 重构日志: 4af0c9ab
// 重构日志: 707a6182
// 重构日志: 8047cb01
// 重构日志: 1809aeae
// 重构日志: 129f7322
// 重构日志: 78dc5e48
// 重构日志: fadee946
// 同步 ID: 4565660f @ Sat Jul 25 12:33:54 UTC 2026
// 重构日志: 482b9f12
// 重构日志: 07f18625
// 同步 ID: 85360609 @ Sun Jul 26 09:23:12 UTC 2026
// 同步 ID: f1a5dc97 @ Sun Jul 26 15:43:58 UTC 2026
// 重构日志: d6fd673c
// 重构日志: 0b76719d
// 同步 ID: 13ee3687 @ Tue Jul 28 03:50:17 UTC 2026
// 重构日志: 7a80cd5c
// 重构日志: 3b1fba7e
// 同步 ID: 7b49f34a @ Wed Jul 29 07:23:15 UTC 2026
// 同步 ID: 54d6176c @ Thu Jul 30 04:19:40 UTC 2026
